Removing duplicate drone 11 (distance 1.22 from drone 5)
Removing duplicate drone 24 (distance 1.77 from drone 21)
Removed 2 duplicate drones. Remaining: 28 drones
Removing duplicate drone 11 (distance 0.94 from drone 4)
Removed 1 duplicate drones. Remaining: 14 drones
Removing duplicate drone 25 (distance 1.05 from drone 11)
Removed 1 duplicate drones. Remaining: 29 drones
Removing duplicate drone 5 (distance 1.89 from drone 1)
Removed 1 duplicate drones. Remaining: 19 drones
Removing duplicate drone 10 (distance 0.58 from drone 3)
Removed 1 duplicate drones. Remaining: 11 drones
Removing duplicate drone 23 (distance 1.97 from drone 13)
Removed 1 duplicate drones. Remaining: 29 drones
Removing duplicate drone 14 (distance 1.86 from drone 10)
Removing duplicate drone 23 (distance 1.84 from drone 13)
Removed 2 duplicate drones. Remaining: 23 drones
Removing duplicate drone 12 (distance 1.81 from drone 8)
Removed 1 duplicate drones. Remaining: 29 drones
Removing duplicate drone 2 (distance 0.21 from drone 0)
Removed 1 duplicate drones. Remaining: 19 drones
Removing duplicate drone 8 (distance 1.67 from drone 0)
Removing duplicate drone 11 (distance 1.22 from drone 4)
Removed 2 duplicate drones. Remaining: 10 drones
Removing duplicate drone 21 (distance 0.82 from drone 0)
Removed 1 duplicate drones. Remaining: 24 drones
Removing duplicate drone 17 (distance 1.16 from drone 0)
Removed 1 duplicate drones. Remaining: 19 drones
Removing duplicate drone 11 (distance 1.62 from drone 8)
Removed 1 duplicate drones. Remaining: 11 drones
Removing duplicate drone 22 (distance 1.97 from drone 3)
Removed 1 duplicate drones. Remaining: 24 drones
Removing duplicate drone 5 (distance 1.09 from drone 2)
Removing duplicate drone 25 (distance 1.17 from drone 14)
Removed 2 duplicate drones. Remaining: 28 drones
Removing duplicate drone 15 (distance 1.53 from drone 1)
Removed 1 duplicate drones. Remaining: 19 drones
Removing duplicate drone 13 (distance 1.92 from drone 7)
Removed 1 duplicate drones. Remaining: 24 drones
Removing duplicate drone 17 (distance 0.92 from drone 16)
Removed 1 duplicate drones. Remaining: 24 drones
Removing duplicate drone 3 (distance 1.49 from drone 0)
Removing duplicate drone 18 (distance 1.49 from drone 4)
Removed 2 duplicate drones. Remaining: 18 drones
Removing duplicate drone 3 (distance 1.17 from drone 0)
Removed 1 duplicate drones. Remaining: 11 drones
Removing duplicate drone 24 (distance 0.48 from drone 9)
Removed 1 duplicate drones. Remaining: 29 drones
Removing duplicate drone 15 (distance 0.77 from drone 8)
Removed 1 duplicate drones. Remaining: 19 drones
Removing duplicate drone 10 (distance 1.34 from drone 6)
Removed 1 duplicate drones. Remaining: 11 drones
Removing duplicate drone 9 (distance 1.53 from drone 8)
Removed 1 duplicate drones. Remaining: 14 drones
Removing duplicate drone 11 (distance 1.19 from drone 4)
Removed 1 duplicate drones. Remaining: 29 drones
Removing duplicate drone 10 (distance 1.58 from drone 0)
Removing duplicate drone 14 (distance 1.92 from drone 0)
Removed 2 duplicate drones. Remaining: 13 drones
Removing duplicate drone 18 (distance 1.55 from drone 14)
Removed 1 duplicate drones. Remaining: 19 drones
Removing duplicate drone 28 (distance 1.41 from drone 1)
Removing duplicate drone 24 (distance 0.57 from drone 13)
Removed 2 duplicate drones. Remaining: 28 drones
Removing duplicate drone 18 (distance 1.69 from drone 2)
Removing duplicate drone 15 (distance 0.36 from drone 7)
Removing duplicate drone 11 (distance 1.17 from drone 9)
Removed 3 duplicate drones. Remaining: 17 drones
Removing duplicate drone 11 (distance 0.99 from drone 2)
Removed 1 duplicate drones. Remaining: 11 drones
Removing duplicate drone 3 (distance 0.27 from drone 0)
Removed 1 duplicate drones. Remaining: 11 drones
Removing duplicate drone 22 (distance 1.37 from drone 10)
Removed 1 duplicate drones. Remaining: 24 drones
Removing duplicate drone 12 (distance 1.38 from drone 10)
Removed 1 duplicate drones. Remaining: 14 drones
Removing duplicate drone 5 (distance 0.21 from drone 1)
Removed 1 duplicate drones. Remaining: 11 drones
Removing duplicate drone 5 (distance 0.18 from drone 4)
Removed 1 duplicate drones. Remaining: 11 drones
Removing duplicate drone 19 (distance 0.48 from drone 0)
Removed 1 duplicate drones. Remaining: 24 drones
Removing duplicate drone 5 (distance 1.99 from drone 0)
Removing duplicate drone 11 (distance 1.28 from drone 4)
Removed 2 duplicate drones. Remaining: 13 drones
Removing duplicate drone 10 (distance 1.37 from drone 3)
Removed 1 duplicate drones. Remaining: 19 drones
Removing duplicate drone 8 (distance 1.30 from drone 7)
Removed 1 duplicate drones. Remaining: 11 drones
Removing duplicate drone 13 (distance 1.15 from drone 9)
Removed 1 duplicate drones. Remaining: 14 drones
Removing duplicate drone 25 (distance 1.40 from drone 24)
Removed 1 duplicate drones. Remaining: 29 drones
Removing duplicate drone 8 (distance 1.40 from drone 0)
Removing duplicate drone 19 (distance 1.73 from drone 0)
Removed 2 duplicate drones. Remaining: 18 drones
Removing duplicate drone 3 (distance 1.70 from drone 1)
Removed 1 duplicate drones. Remaining: 4 drones
Removing duplicate drone 14 (distance 0.45 from drone 5)
Removed 1 duplicate drones. Remaining: 14 drones
Removing duplicate drone 13 (distance 1.47 from drone 2)
Removed 1 duplicate drones. Remaining: 29 drones
Removing duplicate drone 9 (distance 1.63 from drone 6)
Removed 1 duplicate drones. Remaining: 19 drones
Removing duplicate drone 17 (distance 1.75 from drone 11)
Removed 1 duplicate drones. Remaining: 19 drones
Removing duplicate drone 3 (distance 1.40 from drone 1)
Removed 1 duplicate drones. Remaining: 4 drones
Removing duplicate drone 20 (distance 0.61 from drone 10)
Removed 1 duplicate drones. Remaining: 29 drones
Removing duplicate drone 15 (distance 1.41 from drone 12)
Removed 1 duplicate drones. Remaining: 24 drones
Removing duplicate drone 3 (distance 1.61 from drone 2)
Removed 1 duplicate drones. Remaining: 4 drones
Removing duplicate drone 8 (distance 1.40 from drone 3)
Removed 1 duplicate drones. Remaining: 14 drones
Removing duplicate drone 16 (distance 1.68 from drone 14)
Removed 1 duplicate drones. Remaining: 29 drones
Removing duplicate drone 12 (distance 0.74 from drone 0)
Removed 1 duplicate drones. Remaining: 19 drones
Removing duplicate drone 6 (distance 0.10 from drone 3)
Removing duplicate drone 9 (distance 1.86 from drone 8)
Removed 2 duplicate drones. Remaining: 10 drones
Removing duplicate drone 10 (distance 0.99 from drone 5)
Removed 1 duplicate drones. Remaining: 24 drones
Removing duplicate drone 4 (distance 0.39 from drone 3)
Removed 1 duplicate drones. Remaining: 11 drones
Removing duplicate drone 20 (distance 1.30 from drone 5)
Removed 1 duplicate drones. Remaining: 29 drones
Removing duplicate drone 4 (distance 1.55 from drone 0)
Removing duplicate drone 19 (distance 0.92 from drone 12)
Removed 2 duplicate drones. Remaining: 18 drones
Removing duplicate drone 19 (distance 1.05 from drone 13)
Removed 1 duplicate drones. Remaining: 24 drones
Removing duplicate drone 4 (distance 1.26 from drone 2)
Removing duplicate drone 29 (distance 1.31 from drone 23)
Removed 2 duplicate drones. Remaining: 28 drones
Removing duplicate drone 10 (distance 0.77 from drone 4)
Removed 1 duplicate drones. Remaining: 11 drones
Removing duplicate drone 13 (distance 1.54 from drone 6)
Removed 1 duplicate drones. Remaining: 24 drones
Results saved to organized files
Generating comprehensive analysis...
Generating comprehensive visualizations...
Visualization generation failed: Cannot save file into a non-existent directory: 'results\comprehensive_experiment_20250906_100009\figure_data'
Continuing without visualizations - data analysis will still be available
Text-based performance summary created as fallback
Analysis complete
Comprehensive report generated
