Removing duplicate drone 6 (distance 0.68 from drone 2)
Removed 1 duplicate drones. Remaining: 14 drones
Removing duplicate drone 1 (distance 1.25 from drone 0)
Removed 1 duplicate drones. Remaining: 11 drones
Removing duplicate drone 9 (distance 1.03 from drone 5)
Removed 1 duplicate drones. Remaining: 14 drones
Removing duplicate drone 12 (distance 1.88 from drone 8)
Removing duplicate drone 23 (distance 1.76 from drone 21)
Removed 2 duplicate drones. Remaining: 23 drones
Removing duplicate drone 10 (distance 1.00 from drone 6)
Removed 1 duplicate drones. Remaining: 14 drones
Removing duplicate drone 28 (distance 1.24 from drone 17)
Removed 1 duplicate drones. Remaining: 29 drones
Removing duplicate drone 13 (distance 1.66 from drone 10)
Removed 1 duplicate drones. Remaining: 19 drones
Removing duplicate drone 2 (distance 1.15 from drone 1)
Removed 1 duplicate drones. Remaining: 4 drones
Removing duplicate drone 23 (distance 1.67 from drone 3)
Removed 1 duplicate drones. Remaining: 29 drones
Removing duplicate drone 18 (distance 0.97 from drone 15)
Removed 1 duplicate drones. Remaining: 19 drones
Removing duplicate drone 10 (distance 0.81 from drone 1)
Removed 1 duplicate drones. Remaining: 11 drones
Removing duplicate drone 8 (distance 1.63 from drone 0)
Removing duplicate drone 15 (distance 1.04 from drone 0)
Removed 2 duplicate drones. Remaining: 28 drones
Removing duplicate drone 7 (distance 1.58 from drone 4)
Removing duplicate drone 13 (distance 0.75 from drone 6)
Removed 2 duplicate drones. Remaining: 13 drones
Removing duplicate drone 6 (distance 0.26 from drone 0)
Removed 1 duplicate drones. Remaining: 11 drones
Removing duplicate drone 12 (distance 1.13 from drone 7)
Removed 1 duplicate drones. Remaining: 24 drones
Removing duplicate drone 12 (distance 1.74 from drone 6)
Removed 1 duplicate drones. Remaining: 19 drones
Removing duplicate drone 8 (distance 1.62 from drone 2)
Removed 1 duplicate drones. Remaining: 11 drones
Removing duplicate drone 19 (distance 0.83 from drone 3)
Removed 1 duplicate drones. Remaining: 24 drones
Removing duplicate drone 18 (distance 1.62 from drone 10)
Removed 1 duplicate drones. Remaining: 19 drones
Removing duplicate drone 12 (distance 1.61 from drone 1)
Removed 1 duplicate drones. Remaining: 19 drones
Removing duplicate drone 10 (distance 1.94 from drone 0)
Removed 1 duplicate drones. Remaining: 11 drones
Removing duplicate drone 23 (distance 1.38 from drone 1)
Removed 1 duplicate drones. Remaining: 24 drones
Removing duplicate drone 14 (distance 1.01 from drone 9)
Removed 1 duplicate drones. Remaining: 29 drones
Removing duplicate drone 14 (distance 1.67 from drone 0)
Removed 1 duplicate drones. Remaining: 19 drones
Removing duplicate drone 12 (distance 1.76 from drone 7)
Removed 1 duplicate drones. Remaining: 24 drones
Removing duplicate drone 12 (distance 1.70 from drone 4)
Removing duplicate drone 16 (distance 1.13 from drone 6)
Removed 2 duplicate drones. Remaining: 28 drones
Removing duplicate drone 7 (distance 1.39 from drone 1)
Removed 1 duplicate drones. Remaining: 11 drones
Removing duplicate drone 7 (distance 1.41 from drone 3)
Removed 1 duplicate drones. Remaining: 14 drones
Removing duplicate drone 4 (distance 0.81 from drone 3)
Removing duplicate drone 19 (distance 1.53 from drone 7)
Removed 2 duplicate drones. Remaining: 18 drones
Removing duplicate drone 6 (distance 1.41 from drone 0)
Removed 1 duplicate drones. Remaining: 11 drones
Removing duplicate drone 13 (distance 1.18 from drone 5)
Removed 1 duplicate drones. Remaining: 24 drones
Removing duplicate drone 12 (distance 0.92 from drone 11)
Removed 1 duplicate drones. Remaining: 14 drones
Removing duplicate drone 4 (distance 1.91 from drone 1)
Removed 1 duplicate drones. Remaining: 19 drones
Removing duplicate drone 17 (distance 0.53 from drone 7)
Removed 1 duplicate drones. Remaining: 24 drones
Removing duplicate drone 12 (distance 1.33 from drone 6)
Removed 1 duplicate drones. Remaining: 14 drones
Removing duplicate drone 10 (distance 1.76 from drone 3)
Removed 1 duplicate drones. Remaining: 29 drones
Removing duplicate drone 4 (distance 1.34 from drone 0)
Removed 1 duplicate drones. Remaining: 4 drones
Removing duplicate drone 6 (distance 1.58 from drone 1)
Removed 1 duplicate drones. Remaining: 14 drones
Removing duplicate drone 16 (distance 0.82 from drone 0)
Removed 1 duplicate drones. Remaining: 19 drones
Removing duplicate drone 15 (distance 1.81 from drone 9)
Removed 1 duplicate drones. Remaining: 24 drones
Removing duplicate drone 3 (distance 1.13 from drone 2)
Removed 1 duplicate drones. Remaining: 4 drones
Removing duplicate drone 9 (distance 0.85 from drone 8)
Removed 1 duplicate drones. Remaining: 14 drones
Removing duplicate drone 7 (distance 1.48 from drone 5)
Removing duplicate drone 15 (distance 1.08 from drone 10)
Removed 2 duplicate drones. Remaining: 28 drones
Removing duplicate drone 17 (distance 1.95 from drone 9)
Removed 1 duplicate drones. Remaining: 19 drones
Removing duplicate drone 2 (distance 1.87 from drone 0)
Removed 1 duplicate drones. Remaining: 11 drones
Removing duplicate drone 13 (distance 1.24 from drone 4)
Removed 1 duplicate drones. Remaining: 24 drones
Removing duplicate drone 18 (distance 1.45 from drone 7)
Removed 1 duplicate drones. Remaining: 19 drones
Removing duplicate drone 6 (distance 1.33 from drone 0)
Removed 1 duplicate drones. Remaining: 11 drones
Removing duplicate drone 11 (distance 0.67 from drone 5)
Removed 1 duplicate drones. Remaining: 14 drones
Removing duplicate drone 20 (distance 1.19 from drone 15)
Removing duplicate drone 28 (distance 0.82 from drone 21)
Removed 2 duplicate drones. Remaining: 28 drones
Removing duplicate drone 11 (distance 1.08 from drone 5)
Removed 1 duplicate drones. Remaining: 11 drones
Removing duplicate drone 7 (distance 0.94 from drone 2)
Removed 1 duplicate drones. Remaining: 14 drones
Removing duplicate drone 18 (distance 0.49 from drone 15)
Removed 1 duplicate drones. Remaining: 19 drones
Removing duplicate drone 9 (distance 1.31 from drone 7)
Removing duplicate drone 23 (distance 1.06 from drone 11)
Removed 2 duplicate drones. Remaining: 23 drones
Removing duplicate drone 12 (distance 1.91 from drone 5)
Removed 1 duplicate drones. Remaining: 14 drones
Removing duplicate drone 15 (distance 0.84 from drone 8)
Removing duplicate drone 26 (distance 0.94 from drone 21)
Removed 2 duplicate drones. Remaining: 28 drones
Removing duplicate drone 16 (distance 1.61 from drone 1)
Removing duplicate drone 20 (distance 0.82 from drone 5)
Removed 2 duplicate drones. Remaining: 28 drones
Removing duplicate drone 16 (distance 1.28 from drone 12)
Removed 1 duplicate drones. Remaining: 19 drones
Removing duplicate drone 4 (distance 1.21 from drone 2)
Removed 1 duplicate drones. Remaining: 4 drones
Removing duplicate drone 12 (distance 0.20 from drone 1)
Removed 1 duplicate drones. Remaining: 14 drones
Removing duplicate drone 11 (distance 1.35 from drone 9)
Removed 1 duplicate drones. Remaining: 29 drones
Removing duplicate drone 14 (distance 1.21 from drone 0)
Removing duplicate drone 22 (distance 0.14 from drone 1)
Removed 2 duplicate drones. Remaining: 23 drones
Removing duplicate drone 9 (distance 1.26 from drone 1)
Removed 1 duplicate drones. Remaining: 11 drones
Removing duplicate drone 12 (distance 1.22 from drone 4)
Removed 1 duplicate drones. Remaining: 14 drones
Removing duplicate drone 22 (distance 1.83 from drone 5)
Removed 1 duplicate drones. Remaining: 24 drones
Results saved to organized files
Generating comprehensive analysis...
Generating comprehensive visualizations...
Visualization generation failed: Cannot save file into a non-existent directory: 'results\comprehensive_experiment_20250905_222650\figure_data'
Continuing without visualizations - data analysis will still be available
Text-based performance summary created as fallback
Analysis complete
Comprehensive report generated
