Removing duplicate drone 16 (distance 1.25 from drone 5)
Removed 1 duplicate drones. Remaining: 19 drones
Removing duplicate drone 8 (distance 1.40 from drone 2)
Removed 1 duplicate drones. Remaining: 11 drones
Removing duplicate drone 17 (distance 1.97 from drone 6)
Removed 1 duplicate drones. Remaining: 29 drones
Removing duplicate drone 15 (distance 1.38 from drone 14)
Removed 1 duplicate drones. Remaining: 19 drones
Removing duplicate drone 13 (distance 1.34 from drone 0)
Removed 1 duplicate drones. Remaining: 14 drones
Removing duplicate drone 4 (distance 0.34 from drone 0)
Removing duplicate drone 5 (distance 1.16 from drone 3)
Removing duplicate drone 27 (distance 0.01 from drone 3)
Removed 3 duplicate drones. Remaining: 27 drones
Removing duplicate drone 6 (distance 0.27 from drone 5)
Removed 1 duplicate drones. Remaining: 29 drones
Removing duplicate drone 8 (distance 1.30 from drone 5)
Removed 1 duplicate drones. Remaining: 11 drones
Removing duplicate drone 12 (distance 1.97 from drone 9)
Removing duplicate drone 16 (distance 1.19 from drone 13)
Removed 2 duplicate drones. Remaining: 18 drones
Removing duplicate drone 10 (distance 1.55 from drone 0)
Removing duplicate drone 4 (distance 0.18 from drone 1)
Removed 2 duplicate drones. Remaining: 10 drones
Removing duplicate drone 7 (distance 1.92 from drone 5)
Removed 1 duplicate drones. Remaining: 14 drones
Removing duplicate drone 26 (distance 0.80 from drone 17)
Removed 1 duplicate drones. Remaining: 29 drones
Removing duplicate drone 17 (distance 1.21 from drone 8)
Removing duplicate drone 13 (distance 1.97 from drone 11)
Removed 2 duplicate drones. Remaining: 18 drones
Removing duplicate drone 14 (distance 0.99 from drone 8)
Removed 1 duplicate drones. Remaining: 29 drones
Removing duplicate drone 27 (distance 1.64 from drone 20)
Removed 1 duplicate drones. Remaining: 29 drones
Removing duplicate drone 2 (distance 0.62 from drone 0)
Removing duplicate drone 17 (distance 1.42 from drone 11)
Removed 2 duplicate drones. Remaining: 18 drones
Removing duplicate drone 3 (distance 1.69 from drone 0)
Removed 1 duplicate drones. Remaining: 11 drones
Removing duplicate drone 21 (distance 1.73 from drone 13)
Removed 1 duplicate drones. Remaining: 24 drones
Removing duplicate drone 10 (distance 1.57 from drone 6)
Removed 1 duplicate drones. Remaining: 14 drones
Removing duplicate drone 6 (distance 1.36 from drone 4)
Removed 1 duplicate drones. Remaining: 19 drones
Removing duplicate drone 6 (distance 1.78 from drone 3)
Removed 1 duplicate drones. Remaining: 24 drones
Removing duplicate drone 8 (distance 1.61 from drone 3)
Removed 1 duplicate drones. Remaining: 14 drones
Removing duplicate drone 17 (distance 1.27 from drone 2)
Removed 1 duplicate drones. Remaining: 19 drones
Removing duplicate drone 9 (distance 2.00 from drone 4)
Removed 1 duplicate drones. Remaining: 11 drones
Removing duplicate drone 26 (distance 1.37 from drone 21)
Removed 1 duplicate drones. Remaining: 29 drones
Removing duplicate drone 19 (distance 1.91 from drone 0)
Removed 1 duplicate drones. Remaining: 19 drones
Removing duplicate drone 16 (distance 0.94 from drone 9)
Removed 1 duplicate drones. Remaining: 24 drones
Removing duplicate drone 12 (distance 1.28 from drone 10)
Removed 1 duplicate drones. Remaining: 14 drones
Removing duplicate drone 7 (distance 0.79 from drone 4)
Removed 1 duplicate drones. Remaining: 19 drones
Removing duplicate drone 5 (distance 1.20 from drone 1)
Removing duplicate drone 11 (distance 1.50 from drone 1)
Removed 2 duplicate drones. Remaining: 10 drones
Removing duplicate drone 16 (distance 0.45 from drone 11)
Removed 1 duplicate drones. Remaining: 24 drones
Removing duplicate drone 12 (distance 1.81 from drone 1)
Removed 1 duplicate drones. Remaining: 14 drones
Removing duplicate drone 24 (distance 0.29 from drone 7)
Removing duplicate drone 20 (distance 1.65 from drone 10)
Removed 2 duplicate drones. Remaining: 23 drones
Removing duplicate drone 3 (distance 1.80 from drone 2)
Removed 1 duplicate drones. Remaining: 14 drones
Removing duplicate drone 23 (distance 1.27 from drone 10)
Removed 1 duplicate drones. Remaining: 24 drones
Removing duplicate drone 23 (distance 1.30 from drone 17)
Removed 1 duplicate drones. Remaining: 24 drones
Removing duplicate drone 13 (distance 1.09 from drone 2)
Removed 1 duplicate drones. Remaining: 19 drones
Removing duplicate drone 2 (distance 0.89 from drone 1)
Removed 1 duplicate drones. Remaining: 11 drones
Removing duplicate drone 3 (distance 0.48 from drone 1)
Removed 1 duplicate drones. Remaining: 14 drones
Removing duplicate drone 17 (distance 1.84 from drone 11)
Removed 1 duplicate drones. Remaining: 24 drones
Removing duplicate drone 4 (distance 0.92 from drone 2)
Removed 1 duplicate drones. Remaining: 4 drones
Removing duplicate drone 14 (distance 0.62 from drone 5)
Removed 1 duplicate drones. Remaining: 24 drones
Removing duplicate drone 16 (distance 1.53 from drone 4)
Removed 1 duplicate drones. Remaining: 29 drones
Removing duplicate drone 10 (distance 1.09 from drone 9)
Removing duplicate drone 15 (distance 1.45 from drone 9)
Removing duplicate drone 18 (distance 1.94 from drone 9)
Removed 3 duplicate drones. Remaining: 17 drones
Removing duplicate drone 3 (distance 0.89 from drone 2)
Removed 1 duplicate drones. Remaining: 4 drones
Removing duplicate drone 4 (distance 1.01 from drone 1)
Removed 1 duplicate drones. Remaining: 14 drones
Removing duplicate drone 10 (distance 1.39 from drone 6)
Removed 1 duplicate drones. Remaining: 19 drones
Removing duplicate drone 4 (distance 1.88 from drone 0)
Removed 1 duplicate drones. Remaining: 4 drones
Removing duplicate drone 19 (distance 1.35 from drone 15)
Removed 1 duplicate drones. Remaining: 19 drones
Removing duplicate drone 6 (distance 1.29 from drone 5)
Removed 1 duplicate drones. Remaining: 11 drones
Removing duplicate drone 3 (distance 1.58 from drone 1)
Removed 1 duplicate drones. Remaining: 4 drones
Removing duplicate drone 27 (distance 1.33 from drone 0)
Removed 1 duplicate drones. Remaining: 29 drones
Removing duplicate drone 3 (distance 1.62 from drone 2)
Removing duplicate drone 10 (distance 1.96 from drone 8)
Removed 2 duplicate drones. Remaining: 13 drones
Removing duplicate drone 17 (distance 1.33 from drone 4)
Removing duplicate drone 14 (distance 1.93 from drone 9)
Removed 2 duplicate drones. Remaining: 23 drones
Removing duplicate drone 11 (distance 1.44 from drone 0)
Removing duplicate drone 13 (distance 1.23 from drone 6)
Removed 2 duplicate drones. Remaining: 13 drones
Removing duplicate drone 5 (distance 1.67 from drone 0)
Removed 1 duplicate drones. Remaining: 19 drones
Removing duplicate drone 8 (distance 0.19 from drone 3)
Removed 1 duplicate drones. Remaining: 14 drones
Removing duplicate drone 10 (distance 1.45 from drone 2)
Removing duplicate drone 13 (distance 1.84 from drone 2)
Removed 2 duplicate drones. Remaining: 18 drones
Removing duplicate drone 5 (distance 1.33 from drone 1)
Removing duplicate drone 11 (distance 1.88 from drone 8)
Removed 2 duplicate drones. Remaining: 10 drones
Results saved to organized files
Generating comprehensive analysis...
Generating visualizations...
All visualizations generated successfully
Analysis complete
