Removing duplicate drone 2 (distance 1.84 from drone 1)
Removed 1 duplicate drones. Remaining: 19 drones
Removing duplicate drone 13 (distance 0.96 from drone 10)
Removing duplicate drone 20 (distance 0.69 from drone 18)
Removed 2 duplicate drones. Remaining: 23 drones
Removing duplicate drone 9 (distance 0.90 from drone 0)
Removing duplicate drone 2 (distance 1.12 from drone 1)
Removed 2 duplicate drones. Remaining: 13 drones
Removing duplicate drone 15 (distance 1.05 from drone 8)
Removing duplicate drone 19 (distance 1.97 from drone 11)
Removed 2 duplicate drones. Remaining: 18 drones
Removing duplicate drone 23 (distance 1.84 from drone 7)
Removing duplicate drone 13 (distance 1.72 from drone 11)
Removed 2 duplicate drones. Remaining: 23 drones
Removing duplicate drone 14 (distance 1.60 from drone 11)
Removed 1 duplicate drones. Remaining: 14 drones
Removing duplicate drone 11 (distance 1.71 from drone 6)
Removed 1 duplicate drones. Remaining: 19 drones
Removing duplicate drone 8 (distance 1.47 from drone 3)
Removed 1 duplicate drones. Remaining: 11 drones
Removing duplicate drone 22 (distance 1.59 from drone 4)
Removed 1 duplicate drones. Remaining: 29 drones
Removing duplicate drone 21 (distance 1.93 from drone 20)
Removed 1 duplicate drones. Remaining: 24 drones
Removing duplicate drone 2 (distance 1.88 from drone 1)
Removed 1 duplicate drones. Remaining: 4 drones
Removing duplicate drone 12 (distance 0.18 from drone 10)
Removed 1 duplicate drones. Remaining: 14 drones
Removing duplicate drone 17 (distance 1.28 from drone 3)
Removing duplicate drone 18 (distance 1.74 from drone 4)
Removed 2 duplicate drones. Remaining: 28 drones
Removing duplicate drone 27 (distance 0.88 from drone 14)
Removed 1 duplicate drones. Remaining: 29 drones
Removing duplicate drone 2 (distance 2.00 from drone 0)
Removed 1 duplicate drones. Remaining: 4 drones
Removing duplicate drone 4 (distance 0.84 from drone 2)
Removed 1 duplicate drones. Remaining: 14 drones
Removing duplicate drone 20 (distance 0.80 from drone 11)
Removing duplicate drone 24 (distance 1.79 from drone 12)
Removed 2 duplicate drones. Remaining: 28 drones
Removing duplicate drone 15 (distance 1.47 from drone 12)
Removing duplicate drone 23 (distance 1.98 from drone 20)
Removed 2 duplicate drones. Remaining: 23 drones
Removing duplicate drone 2 (distance 1.12 from drone 0)
Removed 1 duplicate drones. Remaining: 4 drones
Removing duplicate drone 17 (distance 1.50 from drone 0)
Removing duplicate drone 12 (distance 1.28 from drone 9)
Removed 2 duplicate drones. Remaining: 28 drones
Removing duplicate drone 5 (distance 1.50 from drone 3)
Removed 1 duplicate drones. Remaining: 14 drones
Removing duplicate drone 10 (distance 0.96 from drone 1)
Removed 1 duplicate drones. Remaining: 19 drones
Removing duplicate drone 13 (distance 2.00 from drone 11)
Removed 1 duplicate drones. Remaining: 19 drones
Removing duplicate drone 11 (distance 1.48 from drone 10)
Removed 1 duplicate drones. Remaining: 11 drones
Removing duplicate drone 6 (distance 0.81 from drone 3)
Removed 1 duplicate drones. Remaining: 29 drones
Removing duplicate drone 4 (distance 1.61 from drone 1)
Removed 1 duplicate drones. Remaining: 19 drones
Removing duplicate drone 10 (distance 0.41 from drone 4)
Removed 1 duplicate drones. Remaining: 11 drones
Removing duplicate drone 14 (distance 1.58 from drone 4)
Removed 1 duplicate drones. Remaining: 14 drones
Removing duplicate drone 11 (distance 1.82 from drone 8)
Removed 1 duplicate drones. Remaining: 19 drones
Removing duplicate drone 10 (distance 1.42 from drone 0)
Removed 1 duplicate drones. Remaining: 11 drones
Removing duplicate drone 4 (distance 1.35 from drone 2)
Removing duplicate drone 21 (distance 1.78 from drone 8)
Removed 2 duplicate drones. Remaining: 23 drones
Removing duplicate drone 16 (distance 0.89 from drone 2)
Removing duplicate drone 17 (distance 0.32 from drone 12)
Removing duplicate drone 19 (distance 1.93 from drone 15)
Removed 3 duplicate drones. Remaining: 27 drones
Removing duplicate drone 8 (distance 1.26 from drone 5)
Removed 1 duplicate drones. Remaining: 24 drones
Removing duplicate drone 7 (distance 1.83 from drone 1)
Removed 1 duplicate drones. Remaining: 19 drones
Removing duplicate drone 2 (distance 1.35 from drone 0)
Removed 1 duplicate drones. Remaining: 19 drones
Removing duplicate drone 12 (distance 1.31 from drone 5)
Removed 1 duplicate drones. Remaining: 14 drones
Removing duplicate drone 23 (distance 1.14 from drone 22)
Removed 1 duplicate drones. Remaining: 29 drones
Removing duplicate drone 15 (distance 1.70 from drone 13)
Removed 1 duplicate drones. Remaining: 24 drones
Removing duplicate drone 9 (distance 0.94 from drone 0)
Removing duplicate drone 13 (distance 0.56 from drone 3)
Removed 2 duplicate drones. Remaining: 13 drones
Removing duplicate drone 22 (distance 1.70 from drone 15)
Removed 1 duplicate drones. Remaining: 29 drones
Removing duplicate drone 8 (distance 1.29 from drone 3)
Removing duplicate drone 18 (distance 1.67 from drone 14)
Removed 2 duplicate drones. Remaining: 18 drones
Removing duplicate drone 9 (distance 1.72 from drone 2)
Removed 1 duplicate drones. Remaining: 14 drones
Removing duplicate drone 5 (distance 1.32 from drone 3)
Removing duplicate drone 7 (distance 0.96 from drone 4)
Removed 2 duplicate drones. Remaining: 10 drones
Removing duplicate drone 7 (distance 1.27 from drone 6)
Removed 1 duplicate drones. Remaining: 14 drones
Removing duplicate drone 4 (distance 0.31 from drone 0)
Removed 1 duplicate drones. Remaining: 4 drones
Removing duplicate drone 8 (distance 0.91 from drone 0)
Removed 1 duplicate drones. Remaining: 19 drones
Removing duplicate drone 11 (distance 1.98 from drone 7)
Removed 1 duplicate drones. Remaining: 11 drones
Removing duplicate drone 8 (distance 0.34 from drone 3)
Removed 1 duplicate drones. Remaining: 24 drones
Removing duplicate drone 22 (distance 0.25 from drone 17)
Removed 1 duplicate drones. Remaining: 29 drones
Removing duplicate drone 7 (distance 1.71 from drone 3)
Removed 1 duplicate drones. Remaining: 19 drones
Removing duplicate drone 6 (distance 1.25 from drone 5)
Removed 1 duplicate drones. Remaining: 24 drones
Removing duplicate drone 6 (distance 0.84 from drone 0)
Removed 1 duplicate drones. Remaining: 14 drones
Removing duplicate drone 17 (distance 0.59 from drone 12)
Removed 1 duplicate drones. Remaining: 29 drones
Removing duplicate drone 17 (distance 1.18 from drone 2)
Removed 1 duplicate drones. Remaining: 19 drones
Removing duplicate drone 19 (distance 0.64 from drone 4)
Removed 1 duplicate drones. Remaining: 24 drones
Removing duplicate drone 26 (distance 1.74 from drone 7)
Removing duplicate drone 20 (distance 1.23 from drone 9)
Removed 2 duplicate drones. Remaining: 28 drones
Removing duplicate drone 12 (distance 1.30 from drone 5)
Removed 1 duplicate drones. Remaining: 19 drones
Removing duplicate drone 10 (distance 1.10 from drone 1)
Removed 1 duplicate drones. Remaining: 14 drones
Removing duplicate drone 9 (distance 0.33 from drone 3)
Removed 1 duplicate drones. Remaining: 29 drones
Removing duplicate drone 9 (distance 1.13 from drone 6)
Removed 1 duplicate drones. Remaining: 11 drones
Removing duplicate drone 29 (distance 1.30 from drone 2)
Removed 1 duplicate drones. Remaining: 29 drones
Removing duplicate drone 12 (distance 1.42 from drone 10)
Removed 1 duplicate drones. Remaining: 24 drones
Removing duplicate drone 3 (distance 1.51 from drone 0)
Removed 1 duplicate drones. Remaining: 14 drones
Removing duplicate drone 29 (distance 1.45 from drone 15)
Removed 1 duplicate drones. Remaining: 29 drones
Removing duplicate drone 16 (distance 1.05 from drone 13)
Removed 1 duplicate drones. Remaining: 19 drones
Results saved to organized files
Generating comprehensive analysis...
Generating comprehensive visualizations...
Visualization generation failed: Cannot save file into a non-existent directory: 'results\comprehensive_experiment_20250906_104726\figure_data'
Continuing without visualizations - data analysis will still be available
Text-based performance summary created as fallback
Analysis complete
Comprehensive report generated
