Removing duplicate drone 12 (distance 1.56 from drone 5)
Removed 1 duplicate drones. Remaining: 14 drones
Removing duplicate drone 19 (distance 0.38 from drone 0)
Removed 1 duplicate drones. Remaining: 29 drones
Removing duplicate drone 9 (distance 1.77 from drone 3)
Removing duplicate drone 13 (distance 0.41 from drone 10)
Removed 2 duplicate drones. Remaining: 18 drones
Removing duplicate drone 11 (distance 0.99 from drone 8)
Removed 1 duplicate drones. Remaining: 11 drones
Removing duplicate drone 11 (distance 1.71 from drone 0)
Removed 1 duplicate drones. Remaining: 14 drones
Removing duplicate drone 15 (distance 1.96 from drone 4)
Removing duplicate drone 20 (distance 1.78 from drone 13)
Removing duplicate drone 26 (distance 1.98 from drone 19)
Removed 3 duplicate drones. Remaining: 27 drones
Removing duplicate drone 8 (distance 1.69 from drone 3)
Removed 1 duplicate drones. Remaining: 11 drones
Removing duplicate drone 11 (distance 0.63 from drone 0)
Removed 1 duplicate drones. Remaining: 14 drones
Removing duplicate drone 29 (distance 0.92 from drone 9)
Removed 1 duplicate drones. Remaining: 29 drones
Removing duplicate drone 16 (distance 1.44 from drone 5)
Removed 1 duplicate drones. Remaining: 19 drones
Removing duplicate drone 3 (distance 1.64 from drone 2)
Removed 1 duplicate drones. Remaining: 4 drones
Removing duplicate drone 20 (distance 1.41 from drone 3)
Removing duplicate drone 27 (distance 1.46 from drone 9)
Removed 2 duplicate drones. Remaining: 28 drones
Removing duplicate drone 17 (distance 1.89 from drone 8)
Removed 1 duplicate drones. Remaining: 19 drones
Removing duplicate drone 11 (distance 1.57 from drone 4)
Removing duplicate drone 10 (distance 0.70 from drone 6)
Removed 2 duplicate drones. Remaining: 10 drones
Removing duplicate drone 23 (distance 1.87 from drone 15)
Removed 1 duplicate drones. Remaining: 24 drones
Removing duplicate drone 9 (distance 1.92 from drone 0)
Removed 1 duplicate drones. Remaining: 14 drones
Removing duplicate drone 6 (distance 0.25 from drone 2)
Removing duplicate drone 16 (distance 1.62 from drone 5)
Removed 2 duplicate drones. Remaining: 28 drones
Removing duplicate drone 10 (distance 1.23 from drone 8)
Removed 1 duplicate drones. Remaining: 19 drones
Removing duplicate drone 13 (distance 1.26 from drone 1)
Removed 1 duplicate drones. Remaining: 24 drones
Removing duplicate drone 3 (distance 0.69 from drone 0)
Removing duplicate drone 13 (distance 1.80 from drone 8)
Removed 2 duplicate drones. Remaining: 18 drones
Removing duplicate drone 6 (distance 0.48 from drone 3)
Removed 1 duplicate drones. Remaining: 11 drones
Removing duplicate drone 18 (distance 0.69 from drone 1)
Removing duplicate drone 4 (distance 1.91 from drone 2)
Removing duplicate drone 11 (distance 0.82 from drone 9)
Removed 3 duplicate drones. Remaining: 17 drones
Removing duplicate drone 10 (distance 1.95 from drone 4)
Removed 1 duplicate drones. Remaining: 11 drones
Removing duplicate drone 2 (distance 1.84 from drone 0)
Removed 1 duplicate drones. Remaining: 4 drones
Removing duplicate drone 11 (distance 0.61 from drone 5)
Removed 1 duplicate drones. Remaining: 11 drones
Removing duplicate drone 18 (distance 1.25 from drone 17)
Removed 1 duplicate drones. Remaining: 24 drones
Removing duplicate drone 10 (distance 1.52 from drone 5)
Removed 1 duplicate drones. Remaining: 19 drones
Removing duplicate drone 8 (distance 0.32 from drone 5)
Removing duplicate drone 10 (distance 1.63 from drone 6)
Removed 2 duplicate drones. Remaining: 10 drones
Removing duplicate drone 19 (distance 1.35 from drone 16)
Removed 1 duplicate drones. Remaining: 24 drones
Removing duplicate drone 27 (distance 1.44 from drone 12)
Removed 1 duplicate drones. Remaining: 29 drones
Removing duplicate drone 19 (distance 1.74 from drone 1)
Removing duplicate drone 16 (distance 1.21 from drone 5)
Removed 2 duplicate drones. Remaining: 18 drones
Removing duplicate drone 17 (distance 1.52 from drone 6)
Removed 1 duplicate drones. Remaining: 19 drones
Removing duplicate drone 7 (distance 1.96 from drone 4)
Removing duplicate drone 8 (distance 1.19 from drone 4)
Removed 2 duplicate drones. Remaining: 13 drones
Removing duplicate drone 26 (distance 1.05 from drone 12)
Removed 1 duplicate drones. Remaining: 29 drones
Removing duplicate drone 18 (distance 1.99 from drone 7)
Removed 1 duplicate drones. Remaining: 19 drones
Removing duplicate drone 12 (distance 0.95 from drone 10)
Removed 1 duplicate drones. Remaining: 14 drones
Removing duplicate drone 16 (distance 1.29 from drone 11)
Removed 1 duplicate drones. Remaining: 29 drones
Removing duplicate drone 11 (distance 0.43 from drone 10)
Removed 1 duplicate drones. Remaining: 11 drones
Removing duplicate drone 4 (distance 1.81 from drone 0)
Removed 1 duplicate drones. Remaining: 4 drones
Removing duplicate drone 4 (distance 1.73 from drone 0)
Removing duplicate drone 9 (distance 1.83 from drone 1)
Removed 2 duplicate drones. Remaining: 10 drones
Removing duplicate drone 24 (distance 1.26 from drone 4)
Removed 1 duplicate drones. Remaining: 24 drones
Removing duplicate drone 6 (distance 1.74 from drone 4)
Removed 1 duplicate drones. Remaining: 14 drones
Removing duplicate drone 9 (distance 2.00 from drone 0)
Removed 1 duplicate drones. Remaining: 19 drones
Removing duplicate drone 9 (distance 1.39 from drone 8)
Removing duplicate drone 28 (distance 1.63 from drone 19)
Removed 2 duplicate drones. Remaining: 28 drones
Removing duplicate drone 18 (distance 0.33 from drone 9)
Removed 1 duplicate drones. Remaining: 19 drones
Removing duplicate drone 13 (distance 1.52 from drone 7)
Removed 1 duplicate drones. Remaining: 19 drones
Removing duplicate drone 4 (distance 0.73 from drone 1)
Removed 1 duplicate drones. Remaining: 4 drones
Removing duplicate drone 8 (distance 1.87 from drone 2)
Removed 1 duplicate drones. Remaining: 14 drones
Removing duplicate drone 10 (distance 1.69 from drone 1)
Removed 1 duplicate drones. Remaining: 19 drones
Removing duplicate drone 10 (distance 1.73 from drone 8)
Removed 1 duplicate drones. Remaining: 11 drones
Removing duplicate drone 9 (distance 1.79 from drone 4)
Removed 1 duplicate drones. Remaining: 24 drones
Removing duplicate drone 4 (distance 1.26 from drone 2)
Removed 1 duplicate drones. Remaining: 29 drones
Removing duplicate drone 14 (distance 0.13 from drone 7)
Removing duplicate drone 24 (distance 1.28 from drone 9)
Removed 2 duplicate drones. Remaining: 23 drones
Removing duplicate drone 2 (distance 1.78 from drone 1)
Removed 1 duplicate drones. Remaining: 4 drones
Removing duplicate drone 29 (distance 1.63 from drone 17)
Removed 1 duplicate drones. Remaining: 29 drones
Removing duplicate drone 16 (distance 1.12 from drone 4)
Removed 1 duplicate drones. Remaining: 19 drones
Removing duplicate drone 6 (distance 0.71 from drone 1)
Removed 1 duplicate drones. Remaining: 11 drones
Removing duplicate drone 1 (distance 1.59 from drone 0)
Removing duplicate drone 9 (distance 1.51 from drone 2)
Removing duplicate drone 21 (distance 1.00 from drone 13)
Removed 3 duplicate drones. Remaining: 22 drones
Removing duplicate drone 9 (distance 0.95 from drone 0)
Removed 1 duplicate drones. Remaining: 29 drones
Removing duplicate drone 18 (distance 1.40 from drone 5)
Removed 1 duplicate drones. Remaining: 19 drones
Removing duplicate drone 14 (distance 0.93 from drone 11)
Removed 1 duplicate drones. Remaining: 24 drones
Removing duplicate drone 4 (distance 1.68 from drone 2)
Removed 1 duplicate drones. Remaining: 4 drones
Removing duplicate drone 14 (distance 0.16 from drone 1)
Removed 1 duplicate drones. Remaining: 14 drones
Removing duplicate drone 9 (distance 1.29 from drone 4)
Removed 1 duplicate drones. Remaining: 14 drones
Removing duplicate drone 21 (distance 0.73 from drone 7)
Removed 1 duplicate drones. Remaining: 24 drones
Removing duplicate drone 6 (distance 1.22 from drone 4)
Removed 1 duplicate drones. Remaining: 14 drones
Removing duplicate drone 3 (distance 0.92 from drone 2)
Removed 1 duplicate drones. Remaining: 4 drones
Removing duplicate drone 9 (distance 1.90 from drone 3)
Removed 1 duplicate drones. Remaining: 11 drones
Removing duplicate drone 15 (distance 1.38 from drone 4)
Removing duplicate drone 16 (distance 1.08 from drone 9)
Removed 2 duplicate drones. Remaining: 23 drones
Results saved to organized files
Generating comprehensive analysis...
Generating visualizations...
All visualizations generated successfully
Analysis complete
Comprehensive report generated
