Removing duplicate drone 18 (distance 1.95 from drone 9)
Removing duplicate drone 15 (distance 1.83 from drone 11)
Removed 2 duplicate drones. Remaining: 18 drones
Removing duplicate drone 9 (distance 1.41 from drone 3)
Removed 1 duplicate drones. Remaining: 24 drones
Removing duplicate drone 4 (distance 1.63 from drone 1)
Removed 1 duplicate drones. Remaining: 4 drones
Removing duplicate drone 5 (distance 1.57 from drone 1)
Removed 1 duplicate drones. Remaining: 19 drones
Removing duplicate drone 3 (distance 0.80 from drone 1)
Removed 1 duplicate drones. Remaining: 11 drones
Removing duplicate drone 12 (distance 1.73 from drone 0)
Removed 1 duplicate drones. Remaining: 29 drones
Removing duplicate drone 16 (distance 1.86 from drone 7)
Removing duplicate drone 13 (distance 1.06 from drone 8)
Removed 2 duplicate drones. Remaining: 18 drones
Removing duplicate drone 10 (distance 1.31 from drone 2)
Removing duplicate drone 6 (distance 1.44 from drone 5)
Removed 2 duplicate drones. Remaining: 10 drones
Removing duplicate drone 9 (distance 1.81 from drone 2)
Removing duplicate drone 5 (distance 0.51 from drone 3)
Removing duplicate drone 14 (distance 0.74 from drone 3)
Removed 3 duplicate drones. Remaining: 12 drones
Removing duplicate drone 4 (distance 1.15 from drone 1)
Removed 1 duplicate drones. Remaining: 11 drones
Removing duplicate drone 3 (distance 1.28 from drone 0)
Removed 1 duplicate drones. Remaining: 11 drones
Removing duplicate drone 11 (distance 1.56 from drone 1)
Removed 1 duplicate drones. Remaining: 29 drones
Removing duplicate drone 5 (distance 1.56 from drone 3)
Removed 1 duplicate drones. Remaining: 11 drones
Removing duplicate drone 3 (distance 0.86 from drone 0)
Removing duplicate drone 4 (distance 0.63 from drone 1)
Removed 2 duplicate drones. Remaining: 3 drones
Removing duplicate drone 14 (distance 1.69 from drone 4)
Removed 1 duplicate drones. Remaining: 14 drones
Removing duplicate drone 11 (distance 1.33 from drone 6)
Removed 1 duplicate drones. Remaining: 19 drones
Removing duplicate drone 9 (distance 0.99 from drone 2)
Removed 1 duplicate drones. Remaining: 11 drones
Removing duplicate drone 12 (distance 0.89 from drone 1)
Removed 1 duplicate drones. Remaining: 14 drones
Removing duplicate drone 29 (distance 0.48 from drone 26)
Removed 1 duplicate drones. Remaining: 29 drones
Removing duplicate drone 14 (distance 0.62 from drone 2)
Removing duplicate drone 23 (distance 1.20 from drone 18)
Removed 2 duplicate drones. Remaining: 23 drones
Removing duplicate drone 17 (distance 2.00 from drone 15)
Removed 1 duplicate drones. Remaining: 29 drones
Removing duplicate drone 9 (distance 0.95 from drone 5)
Removed 1 duplicate drones. Remaining: 11 drones
Removing duplicate drone 14 (distance 0.76 from drone 2)
Removing duplicate drone 9 (distance 1.37 from drone 3)
Removed 2 duplicate drones. Remaining: 13 drones
Removing duplicate drone 17 (distance 1.93 from drone 3)
Removed 1 duplicate drones. Remaining: 24 drones
Removing duplicate drone 6 (distance 1.44 from drone 3)
Removed 1 duplicate drones. Remaining: 11 drones
Removing duplicate drone 4 (distance 1.53 from drone 3)
Removed 1 duplicate drones. Remaining: 4 drones
Removing duplicate drone 13 (distance 1.31 from drone 0)
Removed 1 duplicate drones. Remaining: 19 drones
Removing duplicate drone 19 (distance 1.37 from drone 15)
Removed 1 duplicate drones. Remaining: 24 drones
Removing duplicate drone 10 (distance 1.61 from drone 5)
Removed 1 duplicate drones. Remaining: 14 drones
Removing duplicate drone 28 (distance 1.41 from drone 9)
Removing duplicate drone 15 (distance 1.85 from drone 11)
Removing duplicate drone 19 (distance 1.70 from drone 12)
Removed 3 duplicate drones. Remaining: 27 drones
Removing duplicate drone 14 (distance 0.44 from drone 0)
Removed 1 duplicate drones. Remaining: 24 drones
Removing duplicate drone 11 (distance 1.79 from drone 5)
Removed 1 duplicate drones. Remaining: 14 drones
Removing duplicate drone 7 (distance 0.94 from drone 3)
Removed 1 duplicate drones. Remaining: 19 drones
Removing duplicate drone 7 (distance 1.85 from drone 5)
Removed 1 duplicate drones. Remaining: 11 drones
Removing duplicate drone 5 (distance 1.36 from drone 0)
Removed 1 duplicate drones. Remaining: 14 drones
Removing duplicate drone 16 (distance 1.74 from drone 2)
Removed 1 duplicate drones. Remaining: 29 drones
Removing duplicate drone 1 (distance 1.90 from drone 0)
Removing duplicate drone 6 (distance 1.08 from drone 4)
Removed 2 duplicate drones. Remaining: 10 drones
Removing duplicate drone 24 (distance 1.95 from drone 23)
Removed 1 duplicate drones. Remaining: 24 drones
Removing duplicate drone 2 (distance 1.49 from drone 0)
Removing duplicate drone 3 (distance 1.26 from drone 1)
Removed 2 duplicate drones. Remaining: 3 drones
Removing duplicate drone 13 (distance 1.91 from drone 8)
Removed 1 duplicate drones. Remaining: 14 drones
Removing duplicate drone 16 (distance 1.11 from drone 14)
Removed 1 duplicate drones. Remaining: 19 drones
Removing duplicate drone 10 (distance 0.06 from drone 1)
Removed 1 duplicate drones. Remaining: 11 drones
Removing duplicate drone 9 (distance 0.85 from drone 4)
Removed 1 duplicate drones. Remaining: 14 drones
Removing duplicate drone 17 (distance 1.42 from drone 7)
Removed 1 duplicate drones. Remaining: 19 drones
Removing duplicate drone 15 (distance 1.54 from drone 6)
Removed 1 duplicate drones. Remaining: 24 drones
Removing duplicate drone 8 (distance 1.40 from drone 4)
Removed 1 duplicate drones. Remaining: 29 drones
Removing duplicate drone 17 (distance 1.21 from drone 0)
Removing duplicate drone 14 (distance 1.16 from drone 7)
Removed 2 duplicate drones. Remaining: 18 drones
Removing duplicate drone 21 (distance 1.91 from drone 14)
Removed 1 duplicate drones. Remaining: 24 drones
Removing duplicate drone 12 (distance 1.53 from drone 4)
Removing duplicate drone 21 (distance 1.11 from drone 8)
Removed 2 duplicate drones. Remaining: 28 drones
Removing duplicate drone 16 (distance 1.64 from drone 1)
Removed 1 duplicate drones. Remaining: 19 drones
Removing duplicate drone 12 (distance 1.83 from drone 0)
Removed 1 duplicate drones. Remaining: 14 drones
Removing duplicate drone 9 (distance 1.41 from drone 7)
Removed 1 duplicate drones. Remaining: 19 drones
Removing duplicate drone 13 (distance 1.97 from drone 12)
Removed 1 duplicate drones. Remaining: 19 drones
Removing duplicate drone 13 (distance 1.49 from drone 7)
Removed 1 duplicate drones. Remaining: 14 drones
Removing duplicate drone 9 (distance 0.04 from drone 4)
Removed 1 duplicate drones. Remaining: 29 drones
Removing duplicate drone 18 (distance 1.40 from drone 13)
Removed 1 duplicate drones. Remaining: 19 drones
Removing duplicate drone 18 (distance 1.79 from drone 2)
Removing duplicate drone 19 (distance 0.77 from drone 6)
Removed 2 duplicate drones. Remaining: 18 drones
Removing duplicate drone 2 (distance 1.42 from drone 0)
Removing duplicate drone 11 (distance 1.05 from drone 9)
Removed 2 duplicate drones. Remaining: 10 drones
Removing duplicate drone 13 (distance 1.30 from drone 12)
Removed 1 duplicate drones. Remaining: 24 drones
Removing duplicate drone 9 (distance 0.48 from drone 4)
Removed 1 duplicate drones. Remaining: 14 drones
Removing duplicate drone 19 (distance 1.78 from drone 4)
Removed 1 duplicate drones. Remaining: 29 drones
Removing duplicate drone 12 (distance 0.51 from drone 6)
Removed 1 duplicate drones. Remaining: 14 drones
Results saved to organized files
Generating comprehensive analysis...
Generating visualizations...
